2026-07-04 01:26:58 [INFO    ] test_ammeter_framework: Started greenlee emulator [ERROR SIM on, rate=30%, scenarios=['no_response', 'malformed_response', 'extreme_value', 'random_delay']] on port 5001
2026-07-04 01:26:58 [INFO    ] test_ammeter_framework: Started entes emulator [ERROR SIM on, rate=30%, scenarios=['no_response', 'malformed_response', 'extreme_value', 'random_delay']] on port 5002
2026-07-04 01:26:58 [INFO    ] test_ammeter_framework: Started circutor emulator [ERROR SIM on, rate=30%, scenarios=['no_response', 'malformed_response', 'extreme_value', 'random_delay']] on port 5003
2026-07-04 01:26:58 [INFO    ] test_ammeter_framework: Waiting 2.0s for emulators to be ready...
2026-07-04 01:27:00 [INFO    ] test_ammeter_framework: ────────────────────────────────────────
2026-07-04 01:27:00 [INFO    ] test_ammeter_framework: Testing greenlee | port=5001 | count=10 | freq=1.0Hz
2026-07-04 01:27:12 [WARNING ] test_ammeter_framework:   port 5001 → TIMEOUT (server delayed past socket limit)
2026-07-04 01:27:12 [INFO    ] test_ammeter_framework: Saved results → results/data/20260704_012712_a7b4a738_greenlee.json
2026-07-04 01:27:12 [INFO    ] test_ammeter_framework: greenlee errors → 1/10 failed (10%) | by type: {'timeout': 1}
2026-07-04 01:27:12 [INFO    ] test_ammeter_framework: greenlee → mean=0.1569A  std=0.0813A  min=0.0508A  max=0.2964A  CV=51.8%
2026-07-04 01:27:12 [INFO    ] test_ammeter_framework: ────────────────────────────────────────
2026-07-04 01:27:12 [INFO    ] test_ammeter_framework: Testing entes | port=5002 | count=10 | freq=1.0Hz
2026-07-04 01:27:19 [WARNING ] test_ammeter_framework:   port 5002 → TIMEOUT (server delayed past socket limit)
2026-07-04 01:27:27 [WARNING ] test_ammeter_framework:   port 5002 → TIMEOUT (server delayed past socket limit)
2026-07-04 01:27:30 [WARNING ] test_ammeter_framework:   port 5002 → PARSE ERROR (malformed response): could not convert string to float: 'ERROR: SENSOR_FAULT_0x7F'
2026-07-04 01:27:30 [INFO    ] test_ammeter_framework: Saved results → results/data/20260704_012730_fcc2b12a_entes.json
2026-07-04 01:27:30 [INFO    ] test_ammeter_framework: entes errors → 4/10 failed (40%) | by type: {'timeout': 2, 'no_data': 1, 'malformed_response': 1}
2026-07-04 01:27:30 [INFO    ] test_ammeter_framework: entes → mean=77.4864A  std=49.8543A  min=31.9830A  max=148.5335A  CV=64.3%
2026-07-04 01:27:30 [INFO    ] test_ammeter_framework: ────────────────────────────────────────
2026-07-04 01:27:30 [INFO    ] test_ammeter_framework: Testing circutor | port=5003 | count=10 | freq=1.0Hz
2026-07-04 01:27:33 [WARNING ] test_ammeter_framework:   port 5003 → TIMEOUT (server delayed past socket limit)
2026-07-04 01:27:38 [WARNING ] test_ammeter_framework:   port 5003 → PARSE ERROR (malformed response): could not convert string to float: 'ERROR: SENSOR_FAULT_0x7F'
2026-07-04 01:27:43 [INFO    ] test_ammeter_framework: Saved results → results/data/20260704_012743_68f48b0d_circutor.json
2026-07-04 01:27:43 [INFO    ] test_ammeter_framework: circutor errors → 2/10 failed (20%) | by type: {'timeout': 1, 'malformed_response': 1}
2026-07-04 01:27:43 [INFO    ] test_ammeter_framework: circutor → mean=4.7290A  std=9.4374A  min=0.0059A  max=25.6600A  CV=199.6%
2026-07-04 01:27:43 [INFO    ] test_ammeter_framework: ────────────────────────────────────────
2026-07-04 01:27:43 [INFO    ] test_ammeter_framework: SUMMARY
2026-07-04 01:27:43 [INFO    ] test_ammeter_framework:   greenlee   | mean=   0.1569A | std=  0.0813A | CV= 51.8% | errors=1/10 (10%)
2026-07-04 01:27:43 [INFO    ] test_ammeter_framework:   entes      | mean=  77.4864A | std= 49.8543A | CV= 64.3% | errors=4/10 (40%)
2026-07-04 01:27:43 [INFO    ] test_ammeter_framework:   circutor   | mean=   4.7290A | std=  9.4374A | CV=199.6% | errors=2/10 (20%)
2026-07-04 01:27:44 [INFO    ] test_ammeter_framework: Saved visualization → results/plots/20260704_012743_comparison.png
