2026-07-04 01:26:20 [INFO    ] test_ammeter_framework: Started greenlee emulator on port 5001
2026-07-04 01:26:20 [INFO    ] test_ammeter_framework: Started entes emulator on port 5002
2026-07-04 01:26:20 [INFO    ] test_ammeter_framework: Started circutor emulator on port 5003
2026-07-04 01:26:20 [INFO    ] test_ammeter_framework: Waiting 2.0s for emulators to be ready...
2026-07-04 01:26:22 [INFO    ] test_ammeter_framework: ────────────────────────────────────────
2026-07-04 01:26:22 [INFO    ] test_ammeter_framework: Testing greenlee | port=5001 | count=10 | freq=1.0Hz
2026-07-04 01:26:31 [INFO    ] test_ammeter_framework: Saved results → results/data/20260704_012631_57b495bb_greenlee.json
2026-07-04 01:26:31 [INFO    ] test_ammeter_framework: greenlee → mean=0.1048A  std=0.0653A  min=0.0158A  max=0.2309A  CV=62.3%
2026-07-04 01:26:31 [INFO    ] test_ammeter_framework: ────────────────────────────────────────
2026-07-04 01:26:31 [INFO    ] test_ammeter_framework: Testing entes | port=5002 | count=10 | freq=1.0Hz
2026-07-04 01:26:40 [INFO    ] test_ammeter_framework: Saved results → results/data/20260704_012640_81cc4fda_entes.json
2026-07-04 01:26:40 [INFO    ] test_ammeter_framework: entes → mean=45.7836A  std=38.0414A  min=7.3414A  max=121.5743A  CV=83.1%
2026-07-04 01:26:40 [INFO    ] test_ammeter_framework: ────────────────────────────────────────
2026-07-04 01:26:40 [INFO    ] test_ammeter_framework: Testing circutor | port=5003 | count=10 | freq=1.0Hz
2026-07-04 01:26:49 [INFO    ] test_ammeter_framework: Saved results → results/data/20260704_012649_4438b1f8_circutor.json
2026-07-04 01:26:49 [INFO    ] test_ammeter_framework: circutor → mean=0.0252A  std=0.0160A  min=0.0059A  max=0.0483A  CV=63.6%
2026-07-04 01:26:49 [INFO    ] test_ammeter_framework: ────────────────────────────────────────
2026-07-04 01:26:49 [INFO    ] test_ammeter_framework: SUMMARY
2026-07-04 01:26:49 [INFO    ] test_ammeter_framework:   greenlee   | mean=   0.1048A | std=  0.0653A | CV= 62.3%
2026-07-04 01:26:49 [INFO    ] test_ammeter_framework:   entes      | mean=  45.7836A | std= 38.0414A | CV= 83.1%
2026-07-04 01:26:49 [INFO    ] test_ammeter_framework:   circutor   | mean=   0.0252A | std=  0.0160A | CV= 63.6%
2026-07-04 01:26:50 [INFO    ] test_ammeter_framework: Saved visualization → results/plots/20260704_012650_comparison.png
