2026-07-04 01:18:23 [INFO    ] test_ammeter_framework: Started greenlee emulator on port 5001
2026-07-04 01:18:23 [INFO    ] test_ammeter_framework: Started entes emulator on port 5002
2026-07-04 01:18:23 [INFO    ] test_ammeter_framework: Started circutor emulator on port 5003
2026-07-04 01:18:23 [INFO    ] test_ammeter_framework: Waiting 2.0s for emulators to be ready...
2026-07-04 01:18:25 [INFO    ] test_ammeter_framework: ────────────────────────────────────────
2026-07-04 01:18:25 [INFO    ] test_ammeter_framework: Testing greenlee | port=5001 | count=30 | freq=1.0Hz
2026-07-04 01:18:55 [INFO    ] test_ammeter_framework: Saved results → results/data/20260704_011855_7021ef31_greenlee.json
2026-07-04 01:18:55 [INFO    ] test_ammeter_framework: greenlee → mean=0.7647A  std=2.8929A  min=0.0127A  max=15.8697A  CV=378.3%
2026-07-04 01:18:55 [INFO    ] test_ammeter_framework: ────────────────────────────────────────
2026-07-04 01:18:55 [INFO    ] test_ammeter_framework: Testing entes | port=5002 | count=30 | freq=1.0Hz
2026-07-04 01:19:24 [INFO    ] test_ammeter_framework: Saved results → results/data/20260704_011924_f06a88c6_entes.json
2026-07-04 01:19:24 [INFO    ] test_ammeter_framework: entes → mean=69.3071A  std=27.8757A  min=14.6975A  max=126.9350A  CV=40.2%
2026-07-04 01:19:24 [INFO    ] test_ammeter_framework: ────────────────────────────────────────
2026-07-04 01:19:24 [INFO    ] test_ammeter_framework: Testing circutor | port=5003 | count=30 | freq=1.0Hz
2026-07-04 01:19:53 [INFO    ] test_ammeter_framework: Saved results → results/data/20260704_011953_84b8a771_circutor.json
2026-07-04 01:19:53 [INFO    ] test_ammeter_framework: circutor → mean=0.0298A  std=0.0139A  min=0.0067A  max=0.0540A  CV=46.5%
2026-07-04 01:19:53 [INFO    ] test_ammeter_framework: ────────────────────────────────────────
2026-07-04 01:19:53 [INFO    ] test_ammeter_framework: SUMMARY
2026-07-04 01:19:53 [INFO    ] test_ammeter_framework:   greenlee   | mean=   0.7647A | std=  2.8929A | CV=378.3%
2026-07-04 01:19:53 [INFO    ] test_ammeter_framework:   entes      | mean=  69.3071A | std= 27.8757A | CV= 40.2%
2026-07-04 01:19:53 [INFO    ] test_ammeter_framework:   circutor   | mean=   0.0298A | std=  0.0139A | CV= 46.5%
2026-07-04 01:19:53 [INFO    ] test_ammeter_framework: Saved visualization → results/plots/20260704_011953_comparison.png
