2026-07-04 01:30:24 [INFO    ] test_ammeter_framework: Started greenlee emulator [ERROR SIM on, rate=30%, scenarios=['no_response', 'malformed_response', 'extreme_value', 'random_delay']] on port 5001
2026-07-04 01:30:24 [INFO    ] test_ammeter_framework: Started entes emulator [ERROR SIM on, rate=30%, scenarios=['no_response', 'malformed_response', 'extreme_value', 'random_delay']] on port 5002
2026-07-04 01:30:24 [INFO    ] test_ammeter_framework: Started circutor emulator [ERROR SIM on, rate=30%, scenarios=['no_response', 'malformed_response', 'extreme_value', 'random_delay']] on port 5003
2026-07-04 01:30:24 [INFO    ] test_ammeter_framework: Waiting 2.0s for emulators to be ready...
2026-07-04 01:30:26 [INFO    ] test_ammeter_framework: ────────────────────────────────────────
2026-07-04 01:30:26 [INFO    ] test_ammeter_framework: Testing greenlee | port=5001 | count=10 | freq=1.0Hz | valid_range=[0.005, 105.0]A
2026-07-04 01:30:30 [WARNING ] test_ammeter_framework:   port 5001 → PARSE ERROR (malformed response): could not convert string to float: 'ERROR: SENSOR_FAULT_0x7F'
2026-07-04 01:30:35 [INFO    ] test_ammeter_framework: Saved results → results/data/20260704_013035_6257525b_greenlee.json
2026-07-04 01:30:35 [INFO    ] test_ammeter_framework: greenlee errors → 1/10 failed (10%) | by type: {'malformed_response': 1}
2026-07-04 01:30:35 [INFO    ] test_ammeter_framework: greenlee → mean=0.2646A  std=0.4280A  min=0.0145A  max=1.3854A  CV=161.7%
2026-07-04 01:30:35 [INFO    ] test_ammeter_framework: ────────────────────────────────────────
2026-07-04 01:30:35 [INFO    ] test_ammeter_framework: Testing entes | port=5002 | count=10 | freq=1.0Hz | valid_range=[4.0, 210.0]A
2026-07-04 01:30:37 [WARNING ] test_ammeter_framework:   port 5002 → PARSE ERROR (malformed response): could not convert string to float: 'ERROR: SENSOR_FAULT_0x7F'
2026-07-04 01:30:44 [INFO    ] test_ammeter_framework: Saved results → results/data/20260704_013044_584b527b_entes.json
2026-07-04 01:30:44 [INFO    ] test_ammeter_framework: entes errors → 2/10 failed (20%) | by type: {'malformed_response': 1, 'no_data': 1}
2026-07-04 01:30:44 [INFO    ] test_ammeter_framework: entes → mean=55.0088A  std=41.9156A  min=7.2944A  max=130.2410A  CV=76.2%
2026-07-04 01:30:44 [INFO    ] test_ammeter_framework: ────────────────────────────────────────
2026-07-04 01:30:44 [INFO    ] test_ammeter_framework: Testing circutor | port=5003 | count=10 | freq=1.0Hz | valid_range=[0.0005, 0.15]A
2026-07-04 01:30:45 [WARNING ] test_ammeter_framework:   port 5003 → OUT OF RANGE: 21.205527A not in [0.0005, 0.15] — rejected
2026-07-04 01:30:48 [WARNING ] test_ammeter_framework:   port 5003 → OUT OF RANGE: 15.650301A not in [0.0005, 0.15] — rejected
2026-07-04 01:30:51 [WARNING ] test_ammeter_framework:   port 5003 → OUT OF RANGE: 48.821320A not in [0.0005, 0.15] — rejected
2026-07-04 01:30:53 [WARNING ] test_ammeter_framework:   port 5003 → OUT OF RANGE: 22.723950A not in [0.0005, 0.15] — rejected
2026-07-04 01:30:53 [INFO    ] test_ammeter_framework: Saved results → results/data/20260704_013053_71c615c9_circutor.json
2026-07-04 01:30:53 [INFO    ] test_ammeter_framework: circutor errors → 4/10 failed (40%) | by type: {'out_of_range': 4}
2026-07-04 01:30:53 [INFO    ] test_ammeter_framework: circutor → mean=0.0370A  std=0.0129A  min=0.0231A  max=0.0548A  CV=34.8%
2026-07-04 01:30:53 [INFO    ] test_ammeter_framework: ────────────────────────────────────────
2026-07-04 01:30:53 [INFO    ] test_ammeter_framework: SUMMARY
2026-07-04 01:30:53 [INFO    ] test_ammeter_framework:   greenlee   | mean=   0.2646A | std=  0.4280A | CV=161.7% | errors=1/10 (10%)
2026-07-04 01:30:53 [INFO    ] test_ammeter_framework:   entes      | mean=  55.0088A | std= 41.9156A | CV= 76.2% | errors=2/10 (20%)
2026-07-04 01:30:53 [INFO    ] test_ammeter_framework:   circutor   | mean=   0.0370A | std=  0.0129A | CV= 34.8% | errors=4/10 (40%)
2026-07-04 01:30:54 [INFO    ] test_ammeter_framework: Saved visualization → results/plots/20260704_013053_comparison.png
